@main {
  mul1: int = const 0;
  add1: int = const 4;
  v3: int = const 0;
  print mul1;
  print add1;
  print v3;
}
