@main {
  a: int = const 2;
  print a;
}
@func2 {
}
