@main {
  a: int = const 1;
  b: int = const 2;
  d: int = add a b;
  print d;
}
