[('block0', []), ('else', ['endif']), ('endif', ['for_cond']), ('for_body', ['for_cond']), ('for_cond', ['for_cond']), ('for_end', []), ('then', ['endif'])]
