[('block0', ['end', 'left', 'right']), ('end', []), ('left', []), ('right', [])]
