[('block0', ['block0']), ('end', ['block0', 'end']), ('left', ['block0', 'left']), ('right', ['block0', 'right'])]
