[('block0', []), ('end', []), ('left', []), ('right', [])]
