[('block0', []), ('body', ['header']), ('end', []), ('header', ['header'])]
