[('body', ['loop']), ('endif', []), ('entry', []), ('exit', []), ('loop', ['loop']), ('then', [])]
