[('block0', ['block0']), ('block1', ['block1']), ('end', ['end'])]
