main :
  block: block0
    in: 
    out: 
      a: int = const 47
      b: int = const 42
      cond: bool = const true
  block: left
    in: 
      a: int = const 47
      b: int = const 42
      cond: bool = const true
    out: 
      a: int = const 47
      b: int = const 1
      cond: bool = const true
      c: int = const 5
  block: right
    in: 
      a: int = const 47
      b: int = const 42
      cond: bool = const true
    out: 
      a: int = const 2
      b: int = const 42
      cond: bool = const true
      c: int = const 10
  block: end
    in: 
      a: int = const 47
      a: int = const 2
      b: int = const 1
      b: int = const 42
      cond: bool = const true
      c: int = const 5
      c: int = const 10
    out: 
      a: int = const 47
      a: int = const 2
      b: int = const 1
      b: int = const 42
      cond: bool = const true
      c: int = const 5
      c: int = const 10
      d: int = sub a c
