block0: ['left', 'right']
left: ['end']
right: ['end']
end: []
