block0: ['header']
header: ['body', 'end']
body: ['header']
end: []
