func:  foo
  block0: ['left', 'right']
  left: []
  right: []
func:  main
  block0: []
