block0: ['first']
last: ['first']
first: ['last']
